2025-10-23 06:10:02 - Execution time: 13.08ms - URL: /ivymoda/ivymoda_mvc/public/auth/activate?token=8b673112c499623f972eebe299a353f415214b1533ea2d37cfa5957077842b58
2025-10-23 06:14:58 - Execution time: 6.66ms - URL: /ivymoda/ivymoda_mvc/public/admin/auth/login
2025-10-23 06:14:59 - Execution time: 81.45ms - URL: /ivymoda/ivymoda_mvc/public//admin/dashboard
2025-10-23 06:15:12 - Execution time: 95.42ms - URL: /ivymoda/ivymoda_mvc/public/admin/product
2025-10-23 06:15:15 - Execution time: 67.13ms - URL: /ivymoda/ivymoda_mvc/public/admin/category
2025-10-23 06:15:17 - Execution time: 9.51ms - URL: /ivymoda/ivymoda_mvc/public/admin/category/add
2025-10-23 06:15:22 - Execution time: 5.38ms - URL: /ivymoda/ivymoda_mvc/public/admin/category/add
2025-10-23 06:15:27 - Execution time: 13.13ms - URL: /ivymoda/ivymoda_mvc/public/admin/category
2025-10-23 06:15:32 - Execution time: 50.20ms - URL: /ivymoda/ivymoda_mvc/public/admin/category/subcategories/4
2025-10-23 06:15:38 - Execution time: 8.57ms - URL: /ivymoda/ivymoda_mvc/public/admin/category/subcategories/4
2025-10-23 06:15:40 - Execution time: 7.35ms - URL: /ivymoda/ivymoda_mvc/public/admin/product
2025-10-23 06:15:42 - Execution time: 71.88ms - URL: /ivymoda/ivymoda_mvc/public/admin/product/add
2025-10-23 06:16:33 - Execution time: 10.22ms - URL: /ivymoda/ivymoda_mvc/public//admin/product
2025-10-23 06:16:38 - Execution time: 7.26ms - URL: /ivymoda/ivymoda_mvc/public/admin/dashboard
2025-10-23 06:16:54 - Execution time: 12.12ms - URL: /ivymoda/ivymoda_mvc/public/admin/category
2025-10-23 06:17:07 - Execution time: 7.43ms - URL: /ivymoda/ivymoda_mvc/public/admin/dashboard
2025-10-23 06:17:09 - Execution time: 5.76ms - URL: /ivymoda/ivymoda_mvc/public/admin/dashboard
2025-10-23 06:17:10 - Execution time: 6.94ms - URL: /ivymoda/ivymoda_mvc/public/admin/dashboard
2025-10-23 06:17:11 - Execution time: 5.78ms - URL: /ivymoda/ivymoda_mvc/public/admin/dashboard
2025-10-23 06:25:27 - Execution time: 10.16ms - URL: /ivymoda/ivymoda_mvc/public/admin/dashboard
2025-10-23 06:25:28 - Execution time: 151.46ms - URL: /ivymoda/ivymoda_mvc/public/admin/email
2025-10-23 06:25:32 - Execution time: 13.26ms - URL: /ivymoda/ivymoda_mvc/public/admin/email
2025-10-23 06:25:38 - Execution time: 11.83ms - URL: /ivymoda/ivymoda_mvc/public/admin/email
2025-10-23 06:28:22 - Execution time: 7.17ms - URL: /ivymoda/ivymoda_mvc/public/admin/chatbot
2025-10-23 06:28:25 - Execution time: 6.22ms - URL: /ivymoda/ivymoda_mvc/public/admin/chatbot
2025-10-23 06:28:26 - Execution time: 3.85ms - URL: /ivymoda/ivymoda_mvc/public/admin/chatbot
2025-10-23 06:28:26 - Execution time: 4.57ms - URL: /ivymoda/ivymoda_mvc/public/admin/chatbot
2025-10-23 06:28:26 - Execution time: 3.31ms - URL: /ivymoda/ivymoda_mvc/public/admin/chatbot
2025-10-23 06:28:28 - Execution time: 10.89ms - URL: /ivymoda/ivymoda_mvc/public/admin/email
2025-10-23 06:28:31 - Execution time: 4.15ms - URL: /ivymoda/ivymoda_mvc/public/admin/chatbot
2025-10-23 06:28:32 - Execution time: 9.92ms - URL: /ivymoda/ivymoda_mvc/public/admin/email
2025-10-23 06:31:59 - Execution time: 21.19ms - URL: /ivymoda/ivymoda_mvc/public/admin/email
2025-10-23 06:32:00 - Execution time: 3.39ms - URL: /ivymoda/ivymoda_mvc/public//admin/auth/login
2025-10-23 06:32:03 - Execution time: 10.02ms - URL: /ivymoda/ivymoda_mvc/public//admin/dashboard
2025-10-23 06:41:06 - Execution time: 10.33ms - URL: /ivymoda/ivymoda_mvc/public//admin/dashboard
2025-10-23 06:45:53 - Execution time: 8.44ms - URL: /ivymoda/ivymoda_mvc/public/admin/dashboard
2025-10-23 06:45:56 - Execution time: 7.97ms - URL: /ivymoda/ivymoda_mvc/public/admin/chatbot
2025-10-23 06:47:19 - Execution time: 7.25ms - URL: /ivymoda/ivymoda_mvc/public/admin/chatbot
2025-10-23 06:47:24 - Execution time: 6.71ms - URL: /ivymoda/ivymoda_mvc/public/admin/chatbot/add
2025-10-23 06:47:26 - Execution time: 5.04ms - URL: /ivymoda/ivymoda_mvc/public/admin/user/add
2025-10-23 06:47:28 - Execution time: 7.98ms - URL: /ivymoda/ivymoda_mvc/public/admin/chatbot/config
2025-10-23 06:47:36 - Execution time: 6.85ms - URL: /ivymoda/ivymoda_mvc/public/admin/chatbot
2025-10-23 07:35:04 - Execution time: 14.39ms - URL: /ivymoda/ivymoda_mvc/public/admin/chatbot/faq
2025-10-24 04:37:02 - Execution time: 230.54ms - URL: /ivymoda/ivymoda_mvc/public//admin/dashboard
2025-10-24 04:37:06 - Execution time: 360.48ms - URL: /ivymoda/ivymoda_mvc/public/admin/email
2025-10-24 04:37:08 - Execution time: 50.40ms - URL: /ivymoda/ivymoda_mvc/public/admin/email/templates
2025-10-24 04:37:09 - Execution time: 8.26ms - URL: /ivymoda/ivymoda_mvc/public/admin/email
2025-10-24 04:37:10 - Execution time: 61.84ms - URL: /ivymoda/ivymoda_mvc/public/admin/email/send-promotion
2025-10-24 04:37:11 - Execution time: 13.10ms - URL: /ivymoda/ivymoda_mvc/public/admin/email
2025-10-24 04:37:12 - Execution time: 60.68ms - URL: /ivymoda/ivymoda_mvc/public/admin/email/logs
2025-10-24 04:37:13 - Execution time: 9.86ms - URL: /ivymoda/ivymoda_mvc/public/admin/email
2025-10-24 04:37:15 - Execution time: 7.06ms - URL: /ivymoda/ivymoda_mvc/public/admin/dashboard
2025-10-24 05:07:42 - Execution time: 52.92ms - URL: /ivymoda/ivymoda_mvc/public/admin/dashboard
2025-10-24 05:07:44 - Execution time: 86.93ms - URL: /ivymoda/ivymoda_mvc/public/admin/chatbot
2025-10-24 05:07:53 - Execution time: 127.53ms - URL: /ivymoda/ivymoda_mvc/public/admin/chatbot/conversations
2025-10-24 05:07:55 - Execution time: 6.70ms - URL: /ivymoda/ivymoda_mvc/public/admin/chatbot
2025-10-24 05:08:05 - Execution time: 57.10ms - URL: /ivymoda/ivymoda_mvc/public/admin/chatbot/config
2025-10-24 05:08:20 - Execution time: 7.55ms - URL: /ivymoda/ivymoda_mvc/public/admin/chatbot/config
2025-10-24 05:08:22 - Execution time: 5.43ms - URL: /ivymoda/ivymoda_mvc/public/admin/chatbot/add
2025-10-24 05:08:37 - Execution time: 89.39ms - URL: /ivymoda/ivymoda_mvc/public/admin/chatbot/faq
2025-10-24 05:08:40 - Execution time: 5.21ms - URL: /ivymoda/ivymoda_mvc/public/admin/chatbot/faq
2025-10-24 05:08:44 - Execution time: 7.54ms - URL: /ivymoda/ivymoda_mvc/public/admin/chatbot
2025-10-24 05:08:49 - Execution time: 7.14ms - URL: /ivymoda/ivymoda_mvc/public/admin/chatbot/config
2025-10-24 05:09:11 - Execution time: 5.95ms - URL: /ivymoda/ivymoda_mvc/public/admin/chatbot
2025-10-24 05:09:19 - Execution time: 4.98ms - URL: /ivymoda/ivymoda_mvc/public/admin/chatbot/faq
2025-10-24 05:09:21 - Execution time: 5.66ms - URL: /ivymoda/ivymoda_mvc/public/admin/chatbot/config
2025-10-24 05:09:37 - Execution time: 5.46ms - URL: /ivymoda/ivymoda_mvc/public/admin/chatbot/faq
2025-10-24 05:09:39 - Execution time: 7.61ms - URL: /ivymoda/ivymoda_mvc/public/admin/chatbot/config
2025-10-24 05:09:44 - Execution time: 5.66ms - URL: /ivymoda/ivymoda_mvc/public/admin/chatbot/add
2025-10-24 05:09:45 - Execution time: 7.36ms - URL: /ivymoda/ivymoda_mvc/public/admin/chatbot/config
2025-10-24 05:09:59 - Execution time: 6.89ms - URL: /ivymoda/ivymoda_mvc/public/admin/chatbot/add
2025-10-24 05:10:02 - Execution time: 4.33ms - URL: /ivymoda/ivymoda_mvc/public/admin/chatbot/faq
2025-10-24 05:10:06 - Execution time: 5.07ms - URL: /ivymoda/ivymoda_mvc/public/admin/chatbot/faq
2025-10-24 05:10:12 - Execution time: 5.33ms - URL: /ivymoda/ivymoda_mvc/public/admin/chatbot
2025-10-24 05:10:14 - Execution time: 7.76ms - URL: /ivymoda/ivymoda_mvc/public/admin/chatbot/config
2025-10-24 05:10:33 - Execution time: 8.71ms - URL: /ivymoda/ivymoda_mvc/public/admin/chatbot
2025-10-24 05:10:55 - Execution time: 6.38ms - URL: /ivymoda/ivymoda_mvc/public/admin/chatbot/faq
2025-10-24 05:10:58 - Execution time: 7.26ms - URL: /ivymoda/ivymoda_mvc/public/admin/chatbot/config
2025-10-24 05:10:59 - Execution time: 4.61ms - URL: /ivymoda/ivymoda_mvc/public/admin/chatbot/faq
2025-10-24 05:11:09 - Execution time: 4.80ms - URL: /ivymoda/ivymoda_mvc/public/admin/chatbot/faq
2025-10-24 05:11:13 - Execution time: 4.79ms - URL: /ivymoda/ivymoda_mvc/public/admin/chatbot/faq
2025-10-24 05:11:16 - Execution time: 4.77ms - URL: /ivymoda/ivymoda_mvc/public/admin/chatbot/faq
2025-10-24 05:11:18 - Execution time: 6.07ms - URL: /ivymoda/ivymoda_mvc/public/admin/chatbot/faq
2025-10-24 05:11:19 - Execution time: 5.79ms - URL: /ivymoda/ivymoda_mvc/public/admin/chatbot
2025-10-24 05:11:19 - Execution time: 7.58ms - URL: /ivymoda/ivymoda_mvc/public/admin/chatbot/config
2025-10-24 05:11:20 - Execution time: 5.16ms - URL: /ivymoda/ivymoda_mvc/public/admin/chatbot
2025-10-24 05:11:26 - Execution time: 5.25ms - URL: /ivymoda/ivymoda_mvc/public/admin/chatbot/faq
2025-10-24 05:11:28 - Execution time: 6.56ms - URL: /ivymoda/ivymoda_mvc/public/admin/chatbot
2025-10-24 05:11:34 - Execution time: 6.99ms - URL: /ivymoda/ivymoda_mvc/public/admin/chatbot/config
2025-10-24 05:11:42 - Execution time: 10.11ms - URL: /ivymoda/ivymoda_mvc/public/admin/chatbot/config
2025-10-24 05:11:54 - Execution time: 7.22ms - URL: /ivymoda/ivymoda_mvc/public/admin/chatbot/config
2025-10-24 05:12:17 - Execution time: 7.20ms - URL: /ivymoda/ivymoda_mvc/public/admin/chatbot
2025-10-24 05:28:28 - Execution time: 11.77ms - URL: /ivymoda/ivymoda_mvc/public/admin/chatbot
2025-10-24 05:28:31 - Execution time: 2.88ms - URL: /ivymoda/ivymoda_mvc/public//admin/auth/login
2025-10-24 05:28:32 - Execution time: 8.22ms - URL: /ivymoda/ivymoda_mvc/public//admin/dashboard
2025-10-24 05:28:35 - Execution time: 14.16ms - URL: /ivymoda/ivymoda_mvc/public/admin/email
2025-10-24 05:28:42 - Execution time: 13.31ms - URL: /ivymoda/ivymoda_mvc/public/admin/email/templates
2025-10-24 05:28:43 - Execution time: 11.80ms - URL: /ivymoda/ivymoda_mvc/public/admin/email
2025-10-24 05:28:44 - Execution time: 10.48ms - URL: /ivymoda/ivymoda_mvc/public/admin/email/send-promotion
2025-10-24 05:28:45 - Execution time: 10.17ms - URL: /ivymoda/ivymoda_mvc/public/admin/email
2025-10-24 05:28:46 - Execution time: 14.33ms - URL: /ivymoda/ivymoda_mvc/public/admin/email/send-promotion
2025-10-24 05:28:47 - Execution time: 11.22ms - URL: /ivymoda/ivymoda_mvc/public/admin/email
2025-10-24 05:29:29 - Execution time: 5.67ms - URL: /ivymoda/ivymoda_mvc/public/auth/activate?token=b077134aaf75c2b4df892a3c451cc7235e7267047a76d3c695537eb6b6681bae
2025-10-24 05:30:31 - Execution time: 10.85ms - URL: /ivymoda/ivymoda_mvc/public/admin/order
2025-10-24 05:30:33 - Execution time: 5.79ms - URL: /ivymoda/ivymoda_mvc/public/admin/order/completed
2025-10-24 05:30:33 - Execution time: 5.10ms - URL: /ivymoda/ivymoda_mvc/public/admin/order/pending
2025-10-24 05:30:34 - Execution time: 7.01ms - URL: /ivymoda/ivymoda_mvc/public/admin/order/detail/1
2025-10-24 05:30:38 - Execution time: 4.27ms - URL: /ivymoda/ivymoda_mvc/public//admin/order/detail/1?success=updated
2025-10-24 05:31:01 - Execution time: 5.82ms - URL: /ivymoda/ivymoda_mvc/public/admin/order
2025-10-24 05:31:05 - Execution time: 9.97ms - URL: /ivymoda/ivymoda_mvc/public/admin/dashboard
2025-10-25 05:50:32 - Execution time: 262.85ms - URL: /ivymoda/ivymoda_mvc/public//admin/dashboard
2025-10-25 05:50:43 - Execution time: 100.12ms - URL: /ivymoda/ivymoda_mvc/public/admin/order
2025-10-25 05:50:46 - Execution time: 7.70ms - URL: /ivymoda/ivymoda_mvc/public/admin/dashboard
2025-10-25 05:50:50 - Execution time: 110.39ms - URL: /ivymoda/ivymoda_mvc/public/admin/product
2025-10-25 05:50:57 - Execution time: 6.86ms - URL: /ivymoda/ivymoda_mvc/public/admin/dashboard
2025-10-25 05:51:04 - Execution time: 83.99ms - URL: /ivymoda/ivymoda_mvc/public/admin/user
2025-10-25 05:51:12 - Execution time: 36.25ms - URL: /ivymoda/ivymoda_mvc/public/admin/user/roles
2025-10-25 05:51:27 - Execution time: 4.55ms - URL: /ivymoda/ivymoda_mvc/public/admin/order
2025-10-25 05:51:29 - Execution time: 16.88ms - URL: /ivymoda/ivymoda_mvc/public//admin/auth/login
2025-10-25 05:54:32 - Execution time: 11.14ms - URL: /ivymoda/ivymoda_mvc/public//admin/dashboard
2025-10-25 05:54:35 - Execution time: 6.84ms - URL: /ivymoda/ivymoda_mvc/public/admin/dashboard
2025-10-25 05:54:38 - Execution time: 3.10ms - URL: /ivymoda/ivymoda_mvc/public//admin/auth/login
